Wind River DLD V5.7.0.0		Fri Nov 17 17:03:47 2017

Command line:
dld -tPPC5534VEN:simple .\src\default560P.dld -m6 -lc -limpl
C:\Users\ASE-Lab\Desktop\ASEUnit2\Template\output\romcopy.o
C:\Users\ASE-Lab\Desktop\ASEUnit2\Template\output\bam_init.o
C:\Users\ASE-Lab\Desktop\ASEUnit2\Template\output\crt0.o
C:\Users\ASE-Lab\Desktop\ASEUnit2\Template\output\main.o
C:\Users\ASE-Lab\Desktop\ASEUnit2\Template\output\siu.o
C:\Users\ASE-Lab\Desktop\ASEUnit2\Template\output\me.o
C:\Users\ASE-Lab\Desktop\ASEUnit2\Template\output\pit.o
C:\Users\ASE-Lab\Desktop\ASEUnit2\Template\output\adc.o
C:\Users\ASE-Lab\Desktop\ASEUnit2\Template\output\interrupt.o
C:\Users\ASE-Lab\Desktop\ASEUnit2\Template\output\init.o
C:\Users\ASE-Lab\Desktop\ASEUnit2\Template\output\can.o -o
C:\Users\ASE-Lab\Desktop\ASEUnit2\Template\output\SPC560P50_Test_GenCC_WindRiver.elf

Output file name   : C:\Users\ASE-Lab\Desktop\ASEUnit2\Template\output\SPC560P50_Test_GenCC_WindRiver.elf
Output file format : ELF
Target machine type: PPC

		Link Editor Memory Map


output		input		virtual
section		section		address		size	 file

.abs.00000040   		00000040	000000e4
		.abs.00000040   00000040	000000e4 C:\Users\ASE-Lab\Desktop\ASEUnit2\Template\output\main.o
			Ext_Isr 00000040	000000e4


.rcw            		00000000	00000008
		.rcw            00000000	00000008 C:\Users\ASE-Lab\Desktop\ASEUnit2\Template\output\bam_init.o
		ResetConfigWord 00000000	00000004
			 _reset 00000004	00000004


.init           		00000020	00000000

.init_vle       		00000020	00000000

.exec_vect      		00001000	00000000

.exec_vect_Vle  		00001000	00000000

.text           		00002000	00000000

.text_vle       		00002000	00000dce
		.text_vle       00002000	000000a2 C:\Users\ASE-Lab\Desktop\ASEUnit2\Template\output\romcopy.o
			romcopy 00002000	000000a2

		.text_vle       000020a2	00000000 C:\Users\ASE-Lab\Desktop\ASEUnit2\Template\output\bam_init.o

		.text_vle       000020a4	00000058 C:\Users\ASE-Lab\Desktop\ASEUnit2\Template\output\crt0.o
			 _start 000020a8	00000000
			   loop 000020b8	00000000

		.text_vle       000020fc	000003d2 C:\Users\ASE-Lab\Desktop\ASEUnit2\Template\output\main.o
			   main 000020fc	00000046
		  _delay_cycles 00002144	00000020
		     blinkTimes 00002164	0000003e
		      speedTick 000021a4	00000088
		    PITCHANNEL0 0000222c	00000064
		    PITCHANNEL1 00002290	0000002a
	      FLEXCAN_BUF_00_03 000022bc	00000052
	      FLEXCAN_BUF_04_07 00002310	000000ee
	      FLEXCAN_BUF_08_11 00002400	0000007a
	      FLEXCAN_BUF_12_15 0000247c	00000052

		.text_vle       000024d0	00000146 C:\Users\ASE-Lab\Desktop\ASEUnit2\Template\output\siu.o
		       SIU_Init 000024d0	00000146

		.text_vle       00002618	0000009e C:\Users\ASE-Lab\Desktop\ASEUnit2\Template\output\me.o
			 MEInit 00002618	0000009e

		.text_vle       000026b8	00000130 C:\Users\ASE-Lab\Desktop\ASEUnit2\Template\output\pit.o
	     PIT_ConfigureTimer 000026b8	00000030
		 PIT_StartTimer 000026e8	0000002e
		  PIT_StopTimer 00002718	0000002e
		PIT_ChannelInit 00002748	00000066
		       PIT_Init 000027b0	00000038

		.text_vle       000027e8	000000c0 C:\Users\ASE-Lab\Desktop\ASEUnit2\Template\output\adc.o
	    ADC_StartConversion 000027e8	0000002e
			ADCInit 00002818	00000090

		.text_vle       000028a8	000000e2 C:\Users\ASE-Lab\Desktop\ASEUnit2\Template\output\interrupt.o
		  InterruptInit 000028a8	000000e2

		.text_vle       0000298c	0000006a C:\Users\ASE-Lab\Desktop\ASEUnit2\Template\output\init.o
			   Init 0000298c	0000006a

		.text_vle       000029f8	000003d6 C:\Users\ASE-Lab\Desktop\ASEUnit2\Template\output\can.o
		  CANMsgBufInit 000029f8	00000078
		      CAN_Write 00002a70	0000009e
			CANInit 00002b10	000002be


.rodata         		00002dce	00000000

.ctors          		00002dd0	00000000

.dtors          		00002dd0	00000000

.sdata2         		00002dd0	00000000

.sbss2          		00002dd0	00000000

.vects          		00012000	00000000

.data           		00002dd0	00000000

.sdata          		00002dd0	0000000c
		.sdata          40000000	0000000c C:\Users\ASE-Lab\Desktop\ASEUnit2\Template\output\main.o
			  speed 40000000	00000004
	     speedMessageStatus 40000004	00000004
		      direction 40000008	00000004


.sbss           		4000000c	00000010
		.sbss           4000000c	00000010 C:\Users\ASE-Lab\Desktop\ASEUnit2\Template\output\main.o
		 speedMsgPacket 4000000c	00000008
		     dataPacket 40000014	00000008


.bss            		4000001c	00000000

.tibss          		4000001c	00000000

.tidata         		4000001c	00000000

.PPC.EMB.apuinfo		00000000	00000018
		.PPC.EMB.apuinfo 00000000	00000018 C:\WINDRI~1\diab\570~1.0\PPCVLEE\simple\libc.a


.debug_frame    		00000000	000004c8
		.debug_frame    00000000	00000034 C:\Users\ASE-Lab\Desktop\ASEUnit2\Template\output\romcopy.o
		    __local_cie 00000000	00000000

		.debug_frame    00000034	00000014 C:\Users\ASE-Lab\Desktop\ASEUnit2\Template\output\bam_init.o
		    __local_cie 00000034	00000000

		.debug_frame    00000048	000001a8 C:\Users\ASE-Lab\Desktop\ASEUnit2\Template\output\main.o
		    __local_cie 00000048	00000000

		.debug_frame    000001f0	00000054 C:\Users\ASE-Lab\Desktop\ASEUnit2\Template\output\siu.o
		    __local_cie 000001f0	00000000

		.debug_frame    00000244	00000044 C:\Users\ASE-Lab\Desktop\ASEUnit2\Template\output\me.o
		    __local_cie 00000244	00000000

		.debug_frame    00000288	000000a8 C:\Users\ASE-Lab\Desktop\ASEUnit2\Template\output\pit.o
		    __local_cie 00000288	00000000

		.debug_frame    00000330	00000068 C:\Users\ASE-Lab\Desktop\ASEUnit2\Template\output\adc.o
		    __local_cie 00000330	00000000

		.debug_frame    00000398	00000050 C:\Users\ASE-Lab\Desktop\ASEUnit2\Template\output\interrupt.o
		    __local_cie 00000398	00000000

		.debug_frame    000003e8	00000038 C:\Users\ASE-Lab\Desktop\ASEUnit2\Template\output\init.o
		    __local_cie 000003e8	00000000

		.debug_frame    00000420	000000a8 C:\Users\ASE-Lab\Desktop\ASEUnit2\Template\output\can.o
		    __local_cie 00000420	00000000


.debug_line     		00000000	000007ac
		.debug_line     00000000	000000a2 C:\Users\ASE-Lab\Desktop\ASEUnit2\Template\output\romcopy.o

		.debug_line     000000a2	0000006e C:\Users\ASE-Lab\Desktop\ASEUnit2\Template\output\bam_init.o

		.debug_line     00000110	00000087 C:\Users\ASE-Lab\Desktop\ASEUnit2\Template\output\crt0.o

		.debug_line     00000197	0000011a C:\Users\ASE-Lab\Desktop\ASEUnit2\Template\output\main.o

		.debug_line     000002b1	00000094 C:\Users\ASE-Lab\Desktop\ASEUnit2\Template\output\main.o

		.debug_line     00000345	00000097 C:\Users\ASE-Lab\Desktop\ASEUnit2\Template\output\siu.o

		.debug_line     000003dc	0000008a C:\Users\ASE-Lab\Desktop\ASEUnit2\Template\output\me.o

		.debug_line     00000466	000000b4 C:\Users\ASE-Lab\Desktop\ASEUnit2\Template\output\pit.o

		.debug_line     0000051a	00000091 C:\Users\ASE-Lab\Desktop\ASEUnit2\Template\output\adc.o

		.debug_line     000005ab	0000008c C:\Users\ASE-Lab\Desktop\ASEUnit2\Template\output\interrupt.o

		.debug_line     00000637	0000008c C:\Users\ASE-Lab\Desktop\ASEUnit2\Template\output\init.o

		.debug_line     000006c3	000000e9 C:\Users\ASE-Lab\Desktop\ASEUnit2\Template\output\can.o


.debug_abbrev   		00000000	000002b9
		.debug_abbrev   00000000	0000006d C:\Users\ASE-Lab\Desktop\ASEUnit2\Template\output\romcopy.o

		.debug_abbrev   0000006d	00000039 C:\Users\ASE-Lab\Desktop\ASEUnit2\Template\output\bam_init.o

		.debug_abbrev   000000a6	00000093 C:\Users\ASE-Lab\Desktop\ASEUnit2\Template\output\main.o

		.debug_abbrev   00000139	0000002b C:\Users\ASE-Lab\Desktop\ASEUnit2\Template\output\siu.o

		.debug_abbrev   00000164	0000002b C:\Users\ASE-Lab\Desktop\ASEUnit2\Template\output\me.o

		.debug_abbrev   0000018f	00000045 C:\Users\ASE-Lab\Desktop\ASEUnit2\Template\output\pit.o

		.debug_abbrev   000001d4	00000029 C:\Users\ASE-Lab\Desktop\ASEUnit2\Template\output\adc.o

		.debug_abbrev   000001fd	00000029 C:\Users\ASE-Lab\Desktop\ASEUnit2\Template\output\interrupt.o

		.debug_abbrev   00000226	0000002b C:\Users\ASE-Lab\Desktop\ASEUnit2\Template\output\init.o

		.debug_abbrev   00000251	00000068 C:\Users\ASE-Lab\Desktop\ASEUnit2\Template\output\can.o


.debug_info     		00000000	00000e66
		.debug_info     00000000	00000219 C:\Users\ASE-Lab\Desktop\ASEUnit2\Template\output\romcopy.o

		.debug_info     00000219	000000fc C:\Users\ASE-Lab\Desktop\ASEUnit2\Template\output\bam_init.o

		.debug_info     00000315	0000031d C:\Users\ASE-Lab\Desktop\ASEUnit2\Template\output\main.o

		.debug_info     00000632	000000c3 C:\Users\ASE-Lab\Desktop\ASEUnit2\Template\output\main.o

		.debug_info     000006f5	000000c3 C:\Users\ASE-Lab\Desktop\ASEUnit2\Template\output\siu.o

		.debug_info     000007b8	000000c0 C:\Users\ASE-Lab\Desktop\ASEUnit2\Template\output\me.o

		.debug_info     00000878	000001ed C:\Users\ASE-Lab\Desktop\ASEUnit2\Template\output\pit.o

		.debug_info     00000a65	000000e9 C:\Users\ASE-Lab\Desktop\ASEUnit2\Template\output\adc.o

		.debug_info     00000b4e	000000cd C:\Users\ASE-Lab\Desktop\ASEUnit2\Template\output\interrupt.o

		.debug_info     00000c1b	000000c0 C:\Users\ASE-Lab\Desktop\ASEUnit2\Template\output\init.o

		.debug_info     00000cdb	0000018b C:\Users\ASE-Lab\Desktop\ASEUnit2\Template\output\can.o


Link editor command file symbols
                         __argv 00002000
                          __env 00002000
                     __DATA_ROM 00002dd0
                     __DATA_RAM 40000000
                     __DATA_END 4000000c
                    __BSS_START 4000000c
                      __BSS_END 4000001c
                   __HEAP_START 4000001c
                      __SP_INIT 4000a000
                       __SP_END 40009800
                     __HEAP_END 40009800
                  ___HEAP_START 4000001c
                    ___HEAP_END 40009800
                     ___SP_INIT 4000a000
                      ___SP_END 40009800
                    ___DATA_ROM 00002dd0
                    ___DATA_RAM 40000000
                    ___DATA_END 4000000c
                   ___BSS_START 4000000c
                     ___BSS_END 4000001c
                     _SDA_BASE_ 40007ff0
                    _SDA2_BASE_ 0000adc0

                                Cross Reference Table

Symbol                          Output          Input           Referenced
                                Section         Section         (* - Defined)

ADCInit                         .text_vle	.text_vle	  C:\Users\ASE-Lab\Desktop\ASEUnit2\Template\output\init.o
                                                                * C:\Users\ASE-Lab\Desktop\ASEUnit2\Template\output\adc.o
ADC_StartConversion             .text_vle	.text_vle	* C:\Users\ASE-Lab\Desktop\ASEUnit2\Template\output\adc.o
CANInit                         .text_vle	.text_vle	* C:\Users\ASE-Lab\Desktop\ASEUnit2\Template\output\can.o
                                                                  C:\Users\ASE-Lab\Desktop\ASEUnit2\Template\output\init.o
CANMsgBufInit                   .text_vle	.text_vle	* C:\Users\ASE-Lab\Desktop\ASEUnit2\Template\output\can.o
CAN_Write                       .text_vle	.text_vle	* C:\Users\ASE-Lab\Desktop\ASEUnit2\Template\output\can.o
                                                                  C:\Users\ASE-Lab\Desktop\ASEUnit2\Template\output\main.o
Ext_Isr                         .abs.00000040	.abs.00000040	* C:\Users\ASE-Lab\Desktop\ASEUnit2\Template\output\main.o
FLEXCAN_BUF_00_03               .text_vle	.text_vle	* C:\Users\ASE-Lab\Desktop\ASEUnit2\Template\output\main.o
FLEXCAN_BUF_04_07               .text_vle	.text_vle	* C:\Users\ASE-Lab\Desktop\ASEUnit2\Template\output\main.o
FLEXCAN_BUF_08_11               .text_vle	.text_vle	* C:\Users\ASE-Lab\Desktop\ASEUnit2\Template\output\main.o
FLEXCAN_BUF_12_15               .text_vle	.text_vle	* C:\Users\ASE-Lab\Desktop\ASEUnit2\Template\output\main.o
Init                            .text_vle	.text_vle	* C:\Users\ASE-Lab\Desktop\ASEUnit2\Template\output\init.o
                                                                  C:\Users\ASE-Lab\Desktop\ASEUnit2\Template\output\main.o
InterruptInit                   .text_vle	.text_vle	  C:\Users\ASE-Lab\Desktop\ASEUnit2\Template\output\init.o
                                                                * C:\Users\ASE-Lab\Desktop\ASEUnit2\Template\output\interrupt.o
MEInit                          .text_vle	.text_vle	  C:\Users\ASE-Lab\Desktop\ASEUnit2\Template\output\init.o
                                                                * C:\Users\ASE-Lab\Desktop\ASEUnit2\Template\output\me.o
PITCHANNEL0                     .text_vle	.text_vle	* C:\Users\ASE-Lab\Desktop\ASEUnit2\Template\output\main.o
PITCHANNEL1                     .text_vle	.text_vle	* C:\Users\ASE-Lab\Desktop\ASEUnit2\Template\output\main.o
PIT_ChannelInit                 .text_vle	.text_vle	* C:\Users\ASE-Lab\Desktop\ASEUnit2\Template\output\pit.o
PIT_ConfigureTimer              .text_vle	.text_vle	* C:\Users\ASE-Lab\Desktop\ASEUnit2\Template\output\pit.o
                                                                  C:\Users\ASE-Lab\Desktop\ASEUnit2\Template\output\main.o
PIT_Init                        .text_vle	.text_vle	  C:\Users\ASE-Lab\Desktop\ASEUnit2\Template\output\init.o
                                                                * C:\Users\ASE-Lab\Desktop\ASEUnit2\Template\output\pit.o
PIT_StartTimer                  .text_vle	.text_vle	* C:\Users\ASE-Lab\Desktop\ASEUnit2\Template\output\pit.o
                                                                  C:\Users\ASE-Lab\Desktop\ASEUnit2\Template\output\main.o
PIT_StopTimer                   .text_vle	.text_vle	* C:\Users\ASE-Lab\Desktop\ASEUnit2\Template\output\pit.o
ResetConfigWord                 .rcw    	.rcw    	* C:\Users\ASE-Lab\Desktop\ASEUnit2\Template\output\bam_init.o
SIU_Init                        .text_vle	.text_vle	  C:\Users\ASE-Lab\Desktop\ASEUnit2\Template\output\init.o
                                                                * C:\Users\ASE-Lab\Desktop\ASEUnit2\Template\output\siu.o
_SDA2_BASE_                     [absolute]	        	  C:\Users\ASE-Lab\Desktop\ASEUnit2\Template\output\crt0.o
                                                                * C:\WINDRI~1\diab\570~1.0\PPCVLEE\simple\libc.a
_SDA_BASE_                      .sdata  	.sdata  	  C:\Users\ASE-Lab\Desktop\ASEUnit2\Template\output\crt0.o
                                                                * C:\WINDRI~1\diab\570~1.0\PPCVLEE\simple\libc.a
__BSS_END                       [absolute]	        	  C:\Users\ASE-Lab\Desktop\ASEUnit2\Template\output\romcopy.o
                                                                * .\src\default560P.dld
__BSS_START                     [absolute]	        	  C:\Users\ASE-Lab\Desktop\ASEUnit2\Template\output\romcopy.o
                                                                * .\src\default560P.dld
__DATA_END                      [absolute]	        	  C:\Users\ASE-Lab\Desktop\ASEUnit2\Template\output\romcopy.o
                                                                * .\src\default560P.dld
__DATA_RAM                      [absolute]	        	  C:\Users\ASE-Lab\Desktop\ASEUnit2\Template\output\romcopy.o
                                                                * .\src\default560P.dld
__DATA_ROM                      [absolute]	        	  C:\Users\ASE-Lab\Desktop\ASEUnit2\Template\output\romcopy.o
                                                                * .\src\default560P.dld
__HEAP_END                      [absolute]	        	* .\src\default560P.dld
__HEAP_START                    [absolute]	        	* .\src\default560P.dld
__SP_END                        [absolute]	        	* .\src\default560P.dld
__SP_INIT                       [absolute]	        	  C:\Users\ASE-Lab\Desktop\ASEUnit2\Template\output\crt0.o
                                                                * .\src\default560P.dld
___BSS_END                      [absolute]	        	* .\src\default560P.dld
___BSS_START                    [absolute]	        	* .\src\default560P.dld
___DATA_END                     [absolute]	        	* .\src\default560P.dld
___DATA_RAM                     [absolute]	        	* .\src\default560P.dld
___DATA_ROM                     [absolute]	        	* .\src\default560P.dld
___HEAP_END                     [absolute]	        	* .\src\default560P.dld
___HEAP_START                   [absolute]	        	* .\src\default560P.dld
___SP_END                       [absolute]	        	* .\src\default560P.dld
___SP_INIT                      [absolute]	        	* .\src\default560P.dld
__argv                          [absolute]	        	* .\src\default560P.dld
__env                           [absolute]	        	* .\src\default560P.dld
_delay_cycles                   .text_vle	.text_vle	* C:\Users\ASE-Lab\Desktop\ASEUnit2\Template\output\main.o
_reset                          .rcw    	.rcw    	* C:\Users\ASE-Lab\Desktop\ASEUnit2\Template\output\bam_init.o
_start                          .text_vle	.text_vle	* C:\Users\ASE-Lab\Desktop\ASEUnit2\Template\output\crt0.o
                                                                  C:\Users\ASE-Lab\Desktop\ASEUnit2\Template\output\bam_init.o
blinkTimes                      .text_vle	.text_vle	* C:\Users\ASE-Lab\Desktop\ASEUnit2\Template\output\main.o
dataPacket                      .sbss   	.sbss   	* C:\Users\ASE-Lab\Desktop\ASEUnit2\Template\output\main.o
direction                       .sdata  	.sdata  	* C:\Users\ASE-Lab\Desktop\ASEUnit2\Template\output\main.o
main                            .text_vle	.text_vle	* C:\Users\ASE-Lab\Desktop\ASEUnit2\Template\output\main.o
                                                                  C:\Users\ASE-Lab\Desktop\ASEUnit2\Template\output\romcopy.o
romcopy                         .text_vle	.text_vle	  C:\Users\ASE-Lab\Desktop\ASEUnit2\Template\output\crt0.o
                                                                * C:\Users\ASE-Lab\Desktop\ASEUnit2\Template\output\romcopy.o
speed                           .sdata  	.sdata  	* C:\Users\ASE-Lab\Desktop\ASEUnit2\Template\output\main.o
speedMessageStatus              .sdata  	.sdata  	* C:\Users\ASE-Lab\Desktop\ASEUnit2\Template\output\main.o
speedMsgPacket                  .sbss   	.sbss   	* C:\Users\ASE-Lab\Desktop\ASEUnit2\Template\output\main.o
speedTick                       .text_vle	.text_vle	* C:\Users\ASE-Lab\Desktop\ASEUnit2\Template\output\main.o
